------------------------------------------------------------
Timing Analyzer Summary
------------------------------------------------------------

Type  : Slow 1200mV 85C Model Setup 'clock'
Slack : -4.571
TNS   : -391.825

Type  : Slow 1200mV 85C Model Setup 'conexao_sensor:inst|DHT11_communication:TROCA_DADOS_DHT11|dadosPodemSerEnviados_reg'
Slack : -2.068
TNS   : -5.598

Type  : Slow 1200mV 85C Model Hold 'clock'
Slack : 0.393
TNS   : 0.000

Type  : Slow 1200mV 85C Model Hold 'conexao_sensor:inst|DHT11_communication:TROCA_DADOS_DHT11|dadosPodemSerEnviados_reg'
Slack : 0.396
TNS   : 0.000

Type  : Slow 1200mV 85C Model Minimum Pulse Width 'clock'
Slack : -3.000
TNS   : -180.330

Type  : Slow 1200mV 85C Model Minimum Pulse Width 'conexao_sensor:inst|DHT11_communication:TROCA_DADOS_DHT11|dadosPodemSerEnviados_reg'
Slack : 0.422
TNS   : 0.000

Type  : Slow 1200mV 0C Model Setup 'clock'
Slack : -4.171
TNS   : -347.556

Type  : Slow 1200mV 0C Model Setup 'conexao_sensor:inst|DHT11_communication:TROCA_DADOS_DHT11|dadosPodemSerEnviados_reg'
Slack : -1.885
TNS   : -5.116

Type  : Slow 1200mV 0C Model Hold 'clock'
Slack : 0.344
TNS   : 0.000

Type  : Slow 1200mV 0C Model Hold 'conexao_sensor:inst|DHT11_communication:TROCA_DADOS_DHT11|dadosPodemSerEnviados_reg'
Slack : 0.485
TNS   : 0.000

Type  : Slow 1200mV 0C Model Minimum Pulse Width 'clock'
Slack : -3.000
TNS   : -180.330

Type  : Slow 1200mV 0C Model Minimum Pulse Width 'conexao_sensor:inst|DHT11_communication:TROCA_DADOS_DHT11|dadosPodemSerEnviados_reg'
Slack : 0.459
TNS   : 0.000

Type  : Fast 1200mV 0C Model Setup 'clock'
Slack : -1.781
TNS   : -120.444

Type  : Fast 1200mV 0C Model Setup 'conexao_sensor:inst|DHT11_communication:TROCA_DADOS_DHT11|dadosPodemSerEnviados_reg'
Slack : -0.676
TNS   : -1.694

Type  : Fast 1200mV 0C Model Hold 'clock'
Slack : 0.177
TNS   : 0.000

Type  : Fast 1200mV 0C Model Hold 'conexao_sensor:inst|DHT11_communication:TROCA_DADOS_DHT11|dadosPodemSerEnviados_reg'
Slack : 0.312
TNS   : 0.000

Type  : Fast 1200mV 0C Model Minimum Pulse Width 'clock'
Slack : -3.000
TNS   : -149.130

Type  : Fast 1200mV 0C Model Minimum Pulse Width 'conexao_sensor:inst|DHT11_communication:TROCA_DADOS_DHT11|dadosPodemSerEnviados_reg'
Slack : 0.361
TNS   : 0.000

------------------------------------------------------------
