Analysis & Synthesis report for FPGAImplementation
Wed Sep  6 17:34:53 2023
Quartus Prime Version 22.1std.1 Build 917 02/14/2023 SC Lite Edition


---------------------
; Table of Contents ;
---------------------
  1. Legal Notice
  2. Analysis & Synthesis Summary
  3. Analysis & Synthesis Settings
  4. Parallel Compilation
  5. Analysis & Synthesis Source Files Read
  6. Analysis & Synthesis Resource Usage Summary
  7. Analysis & Synthesis Resource Utilization by Entity
  8. State Machine - |FPGAImplementation|uart_tx:ENVIA_DADOS|estadoAtual
  9. State Machine - |FPGAImplementation|conexao_sensor:inst|dht11_ctrl:comb_3|state
 10. State Machine - |FPGAImplementation|uart_rx:RECEBE_DADOS|estadoAtual
 11. Registers Removed During Synthesis
 12. Removed Registers Triggering Further Register Optimizations
 13. General Register Statistics
 14. Inverted Register Statistics
 15. Multiplexer Restructuring Statistics (Restructuring Performed)
 16. Parameter Settings for User Entity Instance: uart_rx:RECEBE_DADOS
 17. Parameter Settings for User Entity Instance: conexao_sensor:inst|dht11_ctrl:comb_3
 18. Parameter Settings for User Entity Instance: uart_tx:ENVIA_DADOS
 19. Port Connectivity Checks: "conexao_sensor:inst|dht11_ctrl:comb_3"
 20. Port Connectivity Checks: "conexao_sensor:inst"
 21. Post-Synthesis Netlist Statistics for Top Partition
 22. Elapsed Time Per Partition
 23. Analysis & Synthesis Messages
 24. Analysis & Synthesis Suppressed Messages



----------------
; Legal Notice ;
----------------
Copyright (C) 2023  Intel Corporation. All rights reserved.
Your use of Intel Corporation's design tools, logic functions 
and other software and tools, and any partner logic 
functions, and any output files from any of the foregoing 
(including device programming or simulation files), and any 
associated documentation or information are expressly subject 
to the terms and conditions of the Intel Program License 
Subscription Agreement, the Intel Quartus Prime License Agreement,
the Intel FPGA IP License Agreement, or other applicable license
agreement, including, without limitation, that your use is for
the sole purpose of programming logic devices manufactured by
Intel and sold by Intel or its authorized distributors.  Please
refer to the applicable agreement for further details, at
https://fpgasoftware.intel.com/eula.



+-------------------------------------------------------------------------------------+
; Analysis & Synthesis Summary                                                        ;
+------------------------------------+------------------------------------------------+
; Analysis & Synthesis Status        ; Successful - Wed Sep  6 17:34:53 2023          ;
; Quartus Prime Version              ; 22.1std.1 Build 917 02/14/2023 SC Lite Edition ;
; Revision Name                      ; FPGAImplementation                             ;
; Top-level Entity Name              ; FPGAImplementation                             ;
; Family                             ; Cyclone IV E                                   ;
; Total logic elements               ; 156                                            ;
;     Total combinational functions  ; 152                                            ;
;     Dedicated logic registers      ; 73                                             ;
; Total registers                    ; 73                                             ;
; Total pins                         ; 48                                             ;
; Total virtual pins                 ; 0                                              ;
; Total memory bits                  ; 0                                              ;
; Embedded Multiplier 9-bit elements ; 0                                              ;
; Total PLLs                         ; 0                                              ;
+------------------------------------+------------------------------------------------+


+------------------------------------------------------------------------------------------------------------+
; Analysis & Synthesis Settings                                                                              ;
+------------------------------------------------------------------+--------------------+--------------------+
; Option                                                           ; Setting            ; Default Value      ;
+------------------------------------------------------------------+--------------------+--------------------+
; Device                                                           ; EP4CE30F23C7       ;                    ;
; Top-level entity name                                            ; FPGAImplementation ; FPGAImplementation ;
; Family name                                                      ; Cyclone IV E       ; Cyclone V          ;
; Use smart compilation                                            ; Off                ; Off                ;
; Enable parallel Assembler and Timing Analyzer during compilation ; On                 ; On                 ;
; Enable compact report table                                      ; Off                ; Off                ;
; Restructure Multiplexers                                         ; Auto               ; Auto               ;
; Create Debugging Nodes for IP Cores                              ; Off                ; Off                ;
; Preserve fewer node names                                        ; On                 ; On                 ;
; Intel FPGA IP Evaluation Mode                                    ; Enable             ; Enable             ;
; Verilog Version                                                  ; Verilog_2001       ; Verilog_2001       ;
; VHDL Version                                                     ; VHDL_1993          ; VHDL_1993          ;
; State Machine Processing                                         ; Auto               ; Auto               ;
; Safe State Machine                                               ; Off                ; Off                ;
; Extract Verilog State Machines                                   ; On                 ; On                 ;
; Extract VHDL State Machines                                      ; On                 ; On                 ;
; Ignore Verilog initial constructs                                ; Off                ; Off                ;
; Iteration limit for constant Verilog loops                       ; 5000               ; 5000               ;
; Iteration limit for non-constant Verilog loops                   ; 250                ; 250                ;
; Add Pass-Through Logic to Inferred RAMs                          ; On                 ; On                 ;
; Infer RAMs from Raw Logic                                        ; On                 ; On                 ;
; Parallel Synthesis                                               ; On                 ; On                 ;
; DSP Block Balancing                                              ; Auto               ; Auto               ;
; NOT Gate Push-Back                                               ; On                 ; On                 ;
; Power-Up Don't Care                                              ; On                 ; On                 ;
; Remove Redundant Logic Cells                                     ; Off                ; Off                ;
; Remove Duplicate Registers                                       ; On                 ; On                 ;
; Ignore CARRY Buffers                                             ; Off                ; Off                ;
; Ignore CASCADE Buffers                                           ; Off                ; Off                ;
; Ignore GLOBAL Buffers                                            ; Off                ; Off                ;
; Ignore ROW GLOBAL Buffers                                        ; Off                ; Off                ;
; Ignore LCELL Buffers                                             ; Off                ; Off                ;
; Ignore SOFT Buffers                                              ; On                 ; On                 ;
; Limit AHDL Integers to 32 Bits                                   ; Off                ; Off                ;
; Optimization Technique                                           ; Balanced           ; Balanced           ;
; Carry Chain Length                                               ; 70                 ; 70                 ;
; Auto Carry Chains                                                ; On                 ; On                 ;
; Auto Open-Drain Pins                                             ; On                 ; On                 ;
; Perform WYSIWYG Primitive Resynthesis                            ; Off                ; Off                ;
; Auto ROM Replacement                                             ; On                 ; On                 ;
; Auto RAM Replacement                                             ; On                 ; On                 ;
; Auto DSP Block Replacement                                       ; On                 ; On                 ;
; Auto Shift Register Replacement                                  ; Auto               ; Auto               ;
; Allow Shift Register Merging across Hierarchies                  ; Auto               ; Auto               ;
; Auto Clock Enable Replacement                                    ; On                 ; On                 ;
; Strict RAM Replacement                                           ; Off                ; Off                ;
; Allow Synchronous Control Signals                                ; On                 ; On                 ;
; Force Use of Synchronous Clear Signals                           ; Off                ; Off                ;
; Auto RAM Block Balancing                                         ; On                 ; On                 ;
; Auto RAM to Logic Cell Conversion                                ; Off                ; Off                ;
; Auto Resource Sharing                                            ; Off                ; Off                ;
; Allow Any RAM Size For Recognition                               ; Off                ; Off                ;
; Allow Any ROM Size For Recognition                               ; Off                ; Off                ;
; Allow Any Shift Register Size For Recognition                    ; Off                ; Off                ;
; Use LogicLock Constraints during Resource Balancing              ; On                 ; On                 ;
; Ignore translate_off and synthesis_off directives                ; Off                ; Off                ;
; Timing-Driven Synthesis                                          ; On                 ; On                 ;
; Report Parameter Settings                                        ; On                 ; On                 ;
; Report Source Assignments                                        ; On                 ; On                 ;
; Report Connectivity Checks                                       ; On                 ; On                 ;
; Ignore Maximum Fan-Out Assignments                               ; Off                ; Off                ;
; Synchronization Register Chain Length                            ; 2                  ; 2                  ;
; Power Optimization During Synthesis                              ; Normal compilation ; Normal compilation ;
; HDL message level                                                ; Level2             ; Level2             ;
; Suppress Register Optimization Related Messages                  ; Off                ; Off                ;
; Number of Removed Registers Reported in Synthesis Report         ; 5000               ; 5000               ;
; Number of Swept Nodes Reported in Synthesis Report               ; 5000               ; 5000               ;
; Number of Inverted Registers Reported in Synthesis Report        ; 100                ; 100                ;
; Clock MUX Protection                                             ; On                 ; On                 ;
; Auto Gated Clock Conversion                                      ; Off                ; Off                ;
; Block Design Naming                                              ; Auto               ; Auto               ;
; SDC constraint protection                                        ; Off                ; Off                ;
; Synthesis Effort                                                 ; Auto               ; Auto               ;
; Shift Register Replacement - Allow Asynchronous Clear Signal     ; On                 ; On                 ;
; Pre-Mapping Resynthesis Optimization                             ; Off                ; Off                ;
; Analysis & Synthesis Message Level                               ; Medium             ; Medium             ;
; Disable Register Merging Across Hierarchies                      ; Auto               ; Auto               ;
; Resource Aware Inference For Block RAM                           ; On                 ; On                 ;
+------------------------------------------------------------------+--------------------+--------------------+


+------------------------------------------+
; Parallel Compilation                     ;
+----------------------------+-------------+
; Processors                 ; Number      ;
+----------------------------+-------------+
; Number detected on machine ; 8           ;
; Maximum allowed            ; 4           ;
;                            ;             ;
; Average used               ; 1.00        ;
; Maximum used               ; 4           ;
;                            ;             ;
; Usage by Processor         ; % Time Used ;
;     Processor 1            ; 100.0%      ;
;     Processor 2            ;   0.0%      ;
;     Processors 3-4         ;   0.0%      ;
+----------------------------+-------------+


+------------------------------------------------------------------------------------------------------------------------------------------------------------------------------------------------+
; Analysis & Synthesis Source Files Read                                                                                                                                                         ;
+----------------------------------+-----------------+------------------------+--------------------------------------------------------------------------------------------------------+---------+
; File Name with User-Entered Path ; Used in Netlist ; File Type              ; File Name with Absolute Path                                                                           ; Library ;
+----------------------------------+-----------------+------------------------+--------------------------------------------------------------------------------------------------------+---------+
; modules/uart_tx.v                ; yes             ; User Verilog HDL File  ; C:/Users/LESS/Documents/GitHub/interface-entrada-saida/fpgaImplementation/modules/uart_tx.v            ;         ;
; modules/uart_rx.v                ; yes             ; User Verilog HDL File  ; C:/Users/LESS/Documents/GitHub/interface-entrada-saida/fpgaImplementation/modules/uart_rx.v            ;         ;
; modules/FPGAImplementation.v     ; yes             ; User Verilog HDL File  ; C:/Users/LESS/Documents/GitHub/interface-entrada-saida/fpgaImplementation/modules/FPGAImplementation.v ;         ;
; modules/decoder.v                ; yes             ; User Verilog HDL File  ; C:/Users/LESS/Documents/GitHub/interface-entrada-saida/fpgaImplementation/modules/decoder.v            ;         ;
; modules/conexao_sensor.v         ; yes             ; User Verilog HDL File  ; C:/Users/LESS/Documents/GitHub/interface-entrada-saida/fpgaImplementation/modules/conexao_sensor.v     ;         ;
; modules/dht11_ctrl.v             ; yes             ; User Verilog HDL File  ; C:/Users/LESS/Documents/GitHub/interface-entrada-saida/fpgaImplementation/modules/dht11_ctrl.v         ;         ;
+----------------------------------+-----------------+------------------------+--------------------------------------------------------------------------------------------------------+---------+


+-----------------------------------------------------------+
; Analysis & Synthesis Resource Usage Summary               ;
+---------------------------------------------+-------------+
; Resource                                    ; Usage       ;
+---------------------------------------------+-------------+
; Estimated Total logic elements              ; 156         ;
;                                             ;             ;
; Total combinational functions               ; 152         ;
; Logic element usage by number of LUT inputs ;             ;
;     -- 4 input functions                    ; 65          ;
;     -- 3 input functions                    ; 21          ;
;     -- <=2 input functions                  ; 66          ;
;                                             ;             ;
; Logic elements by mode                      ;             ;
;     -- normal mode                          ; 105         ;
;     -- arithmetic mode                      ; 47          ;
;                                             ;             ;
; Total registers                             ; 73          ;
;     -- Dedicated logic registers            ; 73          ;
;     -- I/O registers                        ; 0           ;
;                                             ;             ;
; I/O pins                                    ; 48          ;
;                                             ;             ;
; Embedded Multiplier 9-bit elements          ; 0           ;
;                                             ;             ;
; Maximum fan-out node                        ; reset~input ;
; Maximum fan-out                             ; 49          ;
; Total fan-out                               ; 745         ;
; Average fan-out                             ; 2.31        ;
+---------------------------------------------+-------------+


+-------------------------------------------------------------------------------------------------------------------------------------------------------------------------------------------------------------------------------------------------------+
; Analysis & Synthesis Resource Utilization by Entity                                                                                                                                                                                                   ;
+----------------------------+---------------------+---------------------------+-------------+--------------+---------+-----------+------+--------------+-----------------------------------------------------------+--------------------+--------------+
; Compilation Hierarchy Node ; Combinational ALUTs ; Dedicated Logic Registers ; Memory Bits ; DSP Elements ; DSP 9x9 ; DSP 18x18 ; Pins ; Virtual Pins ; Full Hierarchy Name                                       ; Entity Name        ; Library Name ;
+----------------------------+---------------------+---------------------------+-------------+--------------+---------+-----------+------+--------------+-----------------------------------------------------------+--------------------+--------------+
; |FPGAImplementation        ; 152 (0)             ; 73 (0)                    ; 0           ; 0            ; 0       ; 0         ; 48   ; 0            ; |FPGAImplementation                                       ; FPGAImplementation ; work         ;
;    |conexao_sensor:inst|   ; 110 (0)             ; 49 (0)                    ; 0           ; 0            ; 0       ; 0         ; 0    ; 0            ; |FPGAImplementation|conexao_sensor:inst                   ; conexao_sensor     ; work         ;
;       |dht11_ctrl:comb_3|  ; 110 (110)           ; 49 (49)                   ; 0           ; 0            ; 0       ; 0         ; 0    ; 0            ; |FPGAImplementation|conexao_sensor:inst|dht11_ctrl:comb_3 ; dht11_ctrl         ; work         ;
;    |uart_rx:RECEBE_DADOS|  ; 42 (42)             ; 24 (24)                   ; 0           ; 0            ; 0       ; 0         ; 0    ; 0            ; |FPGAImplementation|uart_rx:RECEBE_DADOS                  ; uart_rx            ; work         ;
+----------------------------+---------------------+---------------------------+-------------+--------------+---------+-----------+------+--------------+-----------------------------------------------------------+--------------------+--------------+
Note: For table entries with two numbers listed, the numbers in parentheses indicate the number of resources of the given type used by the specific entity alone. The numbers listed outside of parentheses indicate the total resources of the given type used by the specific entity and all of its sub-entities in the hierarchy.


Encoding Type:  One-Hot
+-------------------------------------------------------------------------------------------------------------------------------------------------------------------------------------+
; State Machine - |FPGAImplementation|uart_tx:ENVIA_DADOS|estadoAtual                                                                                                                 ;
+----------------------------------+---------------------------------+-----------------------------+----------------------------------+-----------------+-----------------------------+
; Name                             ; estadoAtual.estadoEnviaBitFinal ; estadoAtual.estadoEnviaBits ; estadoAtual.estadoEnviaBitInicio ; estadoAtual.000 ; estadoAtual.estadoDeLimpeza ;
+----------------------------------+---------------------------------+-----------------------------+----------------------------------+-----------------+-----------------------------+
; estadoAtual.000                  ; 0                               ; 0                           ; 0                                ; 0               ; 0                           ;
; estadoAtual.estadoEnviaBitInicio ; 0                               ; 0                           ; 1                                ; 1               ; 0                           ;
; estadoAtual.estadoEnviaBits      ; 0                               ; 1                           ; 0                                ; 1               ; 0                           ;
; estadoAtual.estadoEnviaBitFinal  ; 1                               ; 0                           ; 0                                ; 1               ; 0                           ;
; estadoAtual.estadoDeLimpeza      ; 0                               ; 0                           ; 0                                ; 1               ; 1                           ;
+----------------------------------+---------------------------------+-----------------------------+----------------------------------+-----------------+-----------------------------+


Encoding Type:  One-Hot
+-----------------------------------------------------------------------------------------------------------------------+
; State Machine - |FPGAImplementation|conexao_sensor:inst|dht11_ctrl:comb_3|state                                       ;
+------------------+-----------------+--------------+---------------+--------------+------------------+-----------------+
; Name             ; state.S_RD_DATA ; state.S_DLY2 ; state.S_REPLY ; state.S_DLY1 ; state.S_LOW_18MS ; state.S_WAIT_1S ;
+------------------+-----------------+--------------+---------------+--------------+------------------+-----------------+
; state.S_WAIT_1S  ; 0               ; 0            ; 0             ; 0            ; 0                ; 0               ;
; state.S_LOW_18MS ; 0               ; 0            ; 0             ; 0            ; 1                ; 1               ;
; state.S_DLY1     ; 0               ; 0            ; 0             ; 1            ; 0                ; 1               ;
; state.S_REPLY    ; 0               ; 0            ; 1             ; 0            ; 0                ; 1               ;
; state.S_DLY2     ; 0               ; 1            ; 0             ; 0            ; 0                ; 1               ;
; state.S_RD_DATA  ; 1               ; 0            ; 0             ; 0            ; 0                ; 1               ;
+------------------+-----------------+--------------+---------------+--------------+------------------+-----------------+


Encoding Type:  One-Hot
+----------------------------------------------------------------------------------------------------------------------------------------------------------------------------------------+
; State Machine - |FPGAImplementation|uart_rx:RECEBE_DADOS|estadoAtual                                                                                                                   ;
+-------------------------------------+---------------------------+--------------------------------+-------------------------------------+-----------------+-----------------------------+
; Name                                ; estadoAtual.estadoStopBit ; estadoAtual.estadoDeEsperaBits ; estadoAtual.estadoVerificaBitInicio ; estadoAtual.000 ; estadoAtual.estadoDeLimpeza ;
+-------------------------------------+---------------------------+--------------------------------+-------------------------------------+-----------------+-----------------------------+
; estadoAtual.000                     ; 0                         ; 0                              ; 0                                   ; 0               ; 0                           ;
; estadoAtual.estadoVerificaBitInicio ; 0                         ; 0                              ; 1                                   ; 1               ; 0                           ;
; estadoAtual.estadoDeEsperaBits      ; 0                         ; 1                              ; 0                                   ; 1               ; 0                           ;
; estadoAtual.estadoStopBit           ; 1                         ; 0                              ; 0                                   ; 1               ; 0                           ;
; estadoAtual.estadoDeLimpeza         ; 0                         ; 0                              ; 0                                   ; 1               ; 1                           ;
+-------------------------------------+---------------------------+--------------------------------+-------------------------------------+-----------------+-----------------------------+


+----------------------------------------------------------------------------------------------------+
; Registers Removed During Synthesis                                                                 ;
+------------------------------------------------------+---------------------------------------------+
; Register name                                        ; Reason for Removal                          ;
+------------------------------------------------------+---------------------------------------------+
; conexao_sensor:inst|dht11_ctrl:comb_3|dht11_out      ; Stuck at GND due to stuck port data_in      ;
; uart_rx:RECEBE_DADOS|jaFoiOPrimeiro                  ; Lost fanout                                 ;
; uart_rx:RECEBE_DADOS|bufferSegundoByte[0..7]         ; Lost fanout                                 ;
; uart_rx:RECEBE_DADOS|armazenaBits[0..7]              ; Lost fanout                                 ;
; uart_tx:ENVIA_DADOS|dadosASeremTransmitidos[0..7]    ; Stuck at GND due to stuck port data_in      ;
; uart_tx:ENVIA_DADOS|segundaVez                       ; Stuck at GND due to stuck port data_in      ;
; uart_tx:ENVIA_DADOS|jaFoiOPrimeiro                   ; Stuck at GND due to stuck port clock_enable ;
; uart_tx:ENVIA_DADOS|transmissaoEmAndamento           ; Stuck at GND due to stuck port data_in      ;
; uart_tx:ENVIA_DADOS|estadoAtual~2                    ; Lost fanout                                 ;
; uart_tx:ENVIA_DADOS|estadoAtual~3                    ; Lost fanout                                 ;
; conexao_sensor:inst|dht11_ctrl:comb_3|state~7        ; Lost fanout                                 ;
; conexao_sensor:inst|dht11_ctrl:comb_3|state~8        ; Lost fanout                                 ;
; conexao_sensor:inst|dht11_ctrl:comb_3|state~9        ; Lost fanout                                 ;
; uart_rx:RECEBE_DADOS|estadoAtual~2                   ; Lost fanout                                 ;
; uart_rx:RECEBE_DADOS|estadoAtual~3                   ; Lost fanout                                 ;
; uart_tx:ENVIA_DADOS|estadoAtual.estadoEnviaBitInicio ; Stuck at GND due to stuck port data_in      ;
; uart_tx:ENVIA_DADOS|estadoAtual.estadoEnviaBits      ; Stuck at GND due to stuck port data_in      ;
; uart_tx:ENVIA_DADOS|estadoAtual.estadoEnviaBitFinal  ; Stuck at GND due to stuck port data_in      ;
; uart_tx:ENVIA_DADOS|indiceDoBitTransmitido[0..2]     ; Stuck at GND due to stuck port data_in      ;
; uart_tx:ENVIA_DADOS|estadoAtual.estadoDeLimpeza      ; Stuck at GND due to stuck port data_in      ;
; uart_tx:ENVIA_DADOS|bitSerialAtual                   ; Stuck at VCC due to stuck port data_in      ;
; uart_tx:ENVIA_DADOS|transmissaoConcluida             ; Stuck at GND due to stuck port data_in      ;
; uart_tx:ENVIA_DADOS|estadoAtual.000                  ; Stuck at GND due to stuck port data_in      ;
; uart_tx:ENVIA_DADOS|contadorDeClock[0..12]           ; Stuck at GND due to stuck port data_in      ;
; Total Number of Removed Registers = 59               ;                                             ;
+------------------------------------------------------+---------------------------------------------+


+------------------------------------------------------------------------------------------------------------------------------------------------------------------+
; Removed Registers Triggering Further Register Optimizations                                                                                                      ;
+-------------------------------------------------+---------------------------+------------------------------------------------------------------------------------+
; Register name                                   ; Reason for Removal        ; Registers Removed due to This Register                                             ;
+-------------------------------------------------+---------------------------+------------------------------------------------------------------------------------+
; uart_tx:ENVIA_DADOS|segundaVez                  ; Stuck at GND              ; uart_tx:ENVIA_DADOS|jaFoiOPrimeiro, uart_tx:ENVIA_DADOS|transmissaoEmAndamento,    ;
;                                                 ; due to stuck port data_in ; uart_tx:ENVIA_DADOS|transmissaoConcluida, uart_tx:ENVIA_DADOS|contadorDeClock[12], ;
;                                                 ;                           ; uart_tx:ENVIA_DADOS|contadorDeClock[11], uart_tx:ENVIA_DADOS|contadorDeClock[10],  ;
;                                                 ;                           ; uart_tx:ENVIA_DADOS|contadorDeClock[9], uart_tx:ENVIA_DADOS|contadorDeClock[8],    ;
;                                                 ;                           ; uart_tx:ENVIA_DADOS|contadorDeClock[7], uart_tx:ENVIA_DADOS|contadorDeClock[6],    ;
;                                                 ;                           ; uart_tx:ENVIA_DADOS|contadorDeClock[5], uart_tx:ENVIA_DADOS|contadorDeClock[3],    ;
;                                                 ;                           ; uart_tx:ENVIA_DADOS|contadorDeClock[4], uart_tx:ENVIA_DADOS|contadorDeClock[2],    ;
;                                                 ;                           ; uart_tx:ENVIA_DADOS|contadorDeClock[1], uart_tx:ENVIA_DADOS|contadorDeClock[0]     ;
; uart_tx:ENVIA_DADOS|dadosASeremTransmitidos[0]  ; Stuck at GND              ; uart_tx:ENVIA_DADOS|bitSerialAtual                                                 ;
;                                                 ; due to stuck port data_in ;                                                                                    ;
; uart_tx:ENVIA_DADOS|estadoAtual.estadoDeLimpeza ; Stuck at GND              ; uart_tx:ENVIA_DADOS|estadoAtual.000                                                ;
;                                                 ; due to stuck port data_in ;                                                                                    ;
+-------------------------------------------------+---------------------------+------------------------------------------------------------------------------------+


+------------------------------------------------------+
; General Register Statistics                          ;
+----------------------------------------------+-------+
; Statistic                                    ; Value ;
+----------------------------------------------+-------+
; Total registers                              ; 73    ;
; Number of registers using Synchronous Clear  ; 34    ;
; Number of registers using Synchronous Load   ; 0     ;
; Number of registers using Asynchronous Clear ; 49    ;
; Number of registers using Asynchronous Load  ; 0     ;
; Number of registers using Clock Enable       ; 16    ;
; Number of registers using Preset             ; 0     ;
+----------------------------------------------+-------+


+------------------------------------------------------+
; Inverted Register Statistics                         ;
+--------------------------------------------+---------+
; Inverted Register                          ; Fan out ;
+--------------------------------------------+---------+
; uart_rx:RECEBE_DADOS|serialDeEntrada       ; 4       ;
; uart_rx:RECEBE_DADOS|serialDeEntradaBuffer ; 1       ;
; Total number of inverted registers = 2     ;         ;
+--------------------------------------------+---------+


+------------------------------------------------------------------------------------------------------------------------------------------------------------------------------------+
; Multiplexer Restructuring Statistics (Restructuring Performed)                                                                                                                     ;
+--------------------+-----------+---------------+----------------------+------------------------+------------+----------------------------------------------------------------------+
; Multiplexer Inputs ; Bus Width ; Baseline Area ; Area if Restructured ; Saving if Restructured ; Registered ; Example Multiplexer Output                                           ;
+--------------------+-----------+---------------+----------------------+------------------------+------------+----------------------------------------------------------------------+
; 3:1                ; 6 bits    ; 12 LEs        ; 6 LEs                ; 6 LEs                  ; Yes        ; |FPGAImplementation|conexao_sensor:inst|dht11_ctrl:comb_3|bit_cnt[5] ;
; 4:1                ; 7 bits    ; 14 LEs        ; 7 LEs                ; 7 LEs                  ; Yes        ; |FPGAImplementation|conexao_sensor:inst|dht11_ctrl:comb_3|cnt_low[2] ;
; 4:1                ; 13 bits   ; 26 LEs        ; 13 LEs               ; 13 LEs                 ; Yes        ; |FPGAImplementation|uart_tx:ENVIA_DADOS|contadorDeClock[7]           ;
; 7:1                ; 13 bits   ; 52 LEs        ; 13 LEs               ; 39 LEs                 ; Yes        ; |FPGAImplementation|uart_rx:RECEBE_DADOS|contadorDeClock[4]          ;
; 13:1               ; 21 bits   ; 168 LEs       ; 21 LEs               ; 147 LEs                ; Yes        ; |FPGAImplementation|conexao_sensor:inst|dht11_ctrl:comb_3|cnt_us[4]  ;
; 3:1                ; 3 bits    ; 6 LEs         ; 6 LEs                ; 0 LEs                  ; No         ; |FPGAImplementation|uart_tx:ENVIA_DADOS|indiceDoBitTransmitido       ;
; 3:1                ; 3 bits    ; 6 LEs         ; 6 LEs                ; 0 LEs                  ; No         ; |FPGAImplementation|uart_rx:RECEBE_DADOS|indiceDoBit                 ;
+--------------------+-----------+---------------+----------------------+------------------------+------------+----------------------------------------------------------------------+


+-------------------------------------------------------------------+
; Parameter Settings for User Entity Instance: uart_rx:RECEBE_DADOS ;
+----------------+-------+------------------------------------------+
; Parameter Name ; Value ; Type                                     ;
+----------------+-------+------------------------------------------+
; CLOCKS_POR_BIT ; 5209  ; Signed Integer                           ;
+----------------+-------+------------------------------------------+
Note: In order to hide this table in the UI and the text report file, please set the "Show Parameter Settings in Synthesis Report" option in "Analysis and Synthesis Settings -> More Settings" to "Off".


+------------------------------------------------------------------------------------+
; Parameter Settings for User Entity Instance: conexao_sensor:inst|dht11_ctrl:comb_3 ;
+----------------+--------+----------------------------------------------------------+
; Parameter Name ; Value  ; Type                                                     ;
+----------------+--------+----------------------------------------------------------+
; S_WAIT_1S      ; 001    ; Unsigned Binary                                          ;
; S_LOW_18MS     ; 010    ; Unsigned Binary                                          ;
; S_DLY1         ; 011    ; Unsigned Binary                                          ;
; S_REPLY        ; 100    ; Unsigned Binary                                          ;
; S_DLY2         ; 101    ; Unsigned Binary                                          ;
; S_RD_DATA      ; 110    ; Unsigned Binary                                          ;
; T_1S_DATA      ; 999999 ; Signed Integer                                           ;
; T_18MS_DATA    ; 17999  ; Signed Integer                                           ;
+----------------+--------+----------------------------------------------------------+
Note: In order to hide this table in the UI and the text report file, please set the "Show Parameter Settings in Synthesis Report" option in "Analysis and Synthesis Settings -> More Settings" to "Off".


+------------------------------------------------------------------+
; Parameter Settings for User Entity Instance: uart_tx:ENVIA_DADOS ;
+----------------+-------+-----------------------------------------+
; Parameter Name ; Value ; Type                                    ;
+----------------+-------+-----------------------------------------+
; CLOKS_POR_BIT  ; 5209  ; Signed Integer                          ;
+----------------+-------+-----------------------------------------+
Note: In order to hide this table in the UI and the text report file, please set the "Show Parameter Settings in Synthesis Report" option in "Analysis and Synthesis Settings -> More Settings" to "Off".


+--------------------------------------------------------------------------------------------------------------------+
; Port Connectivity Checks: "conexao_sensor:inst|dht11_ctrl:comb_3"                                                  ;
+----------+--------+----------+-------------------------------------------------------------------------------------+
; Port     ; Type   ; Severity ; Details                                                                             ;
+----------+--------+----------+-------------------------------------------------------------------------------------+
; data_out ; Output ; Info     ; Connected to dangling logic. Logic that only feeds a dangling port will be removed. ;
; sign     ; Output ; Info     ; Connected to dangling logic. Logic that only feeds a dangling port will be removed. ;
+----------+--------+----------+-------------------------------------------------------------------------------------+


+---------------------------------------------------------+
; Port Connectivity Checks: "conexao_sensor:inst"         ;
+-----------------------+-------+----------+--------------+
; Port                  ; Type  ; Severity ; Details      ;
+-----------------------+-------+----------+--------------+
; request_address[7..1] ; Input ; Info     ; Stuck at GND ;
; request_address[0]    ; Input ; Info     ; Stuck at VCC ;
+-----------------------+-------+----------+--------------+


+-----------------------------------------------------+
; Post-Synthesis Netlist Statistics for Top Partition ;
+-----------------------+-----------------------------+
; Type                  ; Count                       ;
+-----------------------+-----------------------------+
; boundary_port         ; 48                          ;
; cycloneiii_ff         ; 73                          ;
;     CLR               ; 25                          ;
;     CLR SCLR          ; 21                          ;
;     ENA CLR           ; 3                           ;
;     ENA SCLR          ; 13                          ;
;     plain             ; 11                          ;
; cycloneiii_io_obuf    ; 1                           ;
; cycloneiii_lcell_comb ; 154                         ;
;     arith             ; 47                          ;
;         2 data inputs ; 47                          ;
;     normal            ; 107                         ;
;         0 data inputs ; 2                           ;
;         1 data inputs ; 6                           ;
;         2 data inputs ; 13                          ;
;         3 data inputs ; 21                          ;
;         4 data inputs ; 65                          ;
;                       ;                             ;
; Max LUT depth         ; 6.00                        ;
; Average LUT depth     ; 3.28                        ;
+-----------------------+-----------------------------+


+-------------------------------+
; Elapsed Time Per Partition    ;
+----------------+--------------+
; Partition Name ; Elapsed Time ;
+----------------+--------------+
; Top            ; 00:00:00     ;
+----------------+--------------+


+-------------------------------+
; Analysis & Synthesis Messages ;
+-------------------------------+
Info: *******************************************************************
Info: Running Quartus Prime Analysis & Synthesis
    Info: Version 22.1std.1 Build 917 02/14/2023 SC Lite Edition
    Info: Processing started: Wed Sep  6 17:34:44 2023
Info: Command: quartus_map --read_settings_files=on --write_settings_files=off FPGAImplementation -c FPGAImplementation
Warning (18236): Number of processors has not been specified which may cause overloading on shared machines.  Set the global assignment NUM_PARALLEL_PROCESSORS in your QSF to an appropriate value for best performance.
Info (20030): Parallel compilation is enabled and will use 4 of the 4 processors detected
Info (12021): Found 1 design units, including 1 entities, in source file modules/uart_tx.v
    Info (12023): Found entity 1: uart_tx File: C:/Users/LESS/Documents/GitHub/interface-entrada-saida/fpgaImplementation/modules/uart_tx.v Line: 8
Info (12021): Found 1 design units, including 1 entities, in source file modules/uart_rx.v
    Info (12023): Found entity 1: uart_rx File: C:/Users/LESS/Documents/GitHub/interface-entrada-saida/fpgaImplementation/modules/uart_rx.v Line: 8
Info (12021): Found 1 design units, including 1 entities, in source file modules/tri_state.v
    Info (12023): Found entity 1: tri_state File: C:/Users/LESS/Documents/GitHub/interface-entrada-saida/fpgaImplementation/modules/tri_state.v Line: 17
Info (12021): Found 1 design units, including 1 entities, in source file modules/fpgaimplementation.v
    Info (12023): Found entity 1: FPGAImplementation File: C:/Users/LESS/Documents/GitHub/interface-entrada-saida/fpgaImplementation/modules/FPGAImplementation.v Line: 15
Info (12021): Found 1 design units, including 1 entities, in source file modules/dht11_communication.v
    Info (12023): Found entity 1: DHT11_communication File: C:/Users/LESS/Documents/GitHub/interface-entrada-saida/fpgaImplementation/modules/DHT11_communication.v Line: 1
Info (12021): Found 1 design units, including 1 entities, in source file modules/decoder.v
    Info (12023): Found entity 1: decoder File: C:/Users/LESS/Documents/GitHub/interface-entrada-saida/fpgaImplementation/modules/decoder.v Line: 1
Info (12021): Found 1 design units, including 1 entities, in source file modules/conexao_sensor.v
    Info (12023): Found entity 1: conexao_sensor File: C:/Users/LESS/Documents/GitHub/interface-entrada-saida/fpgaImplementation/modules/conexao_sensor.v Line: 1
Info (12021): Found 1 design units, including 1 entities, in source file modules/dht11_otherimpl.v
    Info (12023): Found entity 1: DHT11_OtherImpl File: C:/Users/LESS/Documents/GitHub/interface-entrada-saida/fpgaImplementation/modules/DHT11_OtherImpl.v Line: 7
Info (12021): Found 1 design units, including 1 entities, in source file modules/dht11_ctrl.v
    Info (12023): Found entity 1: dht11_ctrl File: C:/Users/LESS/Documents/GitHub/interface-entrada-saida/fpgaImplementation/modules/dht11_ctrl.v Line: 1
Warning (10236): Verilog HDL Implicit Net warning at conexao_sensor.v(50): created implicit net for "sign" File: C:/Users/LESS/Documents/GitHub/interface-entrada-saida/fpgaImplementation/modules/conexao_sensor.v Line: 50
Critical Warning (10846): Verilog HDL Instantiation warning at conexao_sensor.v(50): instance has no name File: C:/Users/LESS/Documents/GitHub/interface-entrada-saida/fpgaImplementation/modules/conexao_sensor.v Line: 50
Info (12127): Elaborating entity "FPGAImplementation" for the top level hierarchy
Info (12128): Elaborating entity "uart_rx" for hierarchy "uart_rx:RECEBE_DADOS" File: C:/Users/LESS/Documents/GitHub/interface-entrada-saida/fpgaImplementation/modules/FPGAImplementation.v Line: 42
Warning (10230): Verilog HDL assignment warning at uart_rx.v(143): truncated value with size 32 to match size of target (13) File: C:/Users/LESS/Documents/GitHub/interface-entrada-saida/fpgaImplementation/modules/uart_rx.v Line: 143
Info (12128): Elaborating entity "conexao_sensor" for hierarchy "conexao_sensor:inst" File: C:/Users/LESS/Documents/GitHub/interface-entrada-saida/fpgaImplementation/modules/FPGAImplementation.v Line: 50
Warning (10034): Output port "response_command" at conexao_sensor.v(8) has no driver File: C:/Users/LESS/Documents/GitHub/interface-entrada-saida/fpgaImplementation/modules/conexao_sensor.v Line: 8
Warning (10034): Output port "response_value" at conexao_sensor.v(9) has no driver File: C:/Users/LESS/Documents/GitHub/interface-entrada-saida/fpgaImplementation/modules/conexao_sensor.v Line: 9
Warning (10034): Output port "dados_dht11" at conexao_sensor.v(13) has no driver File: C:/Users/LESS/Documents/GitHub/interface-entrada-saida/fpgaImplementation/modules/conexao_sensor.v Line: 13
Warning (10034): Output port "dadosPodemSerEnviados" at conexao_sensor.v(7) has no driver File: C:/Users/LESS/Documents/GitHub/interface-entrada-saida/fpgaImplementation/modules/conexao_sensor.v Line: 7
Warning (10034): Output port "error" at conexao_sensor.v(10) has no driver File: C:/Users/LESS/Documents/GitHub/interface-entrada-saida/fpgaImplementation/modules/conexao_sensor.v Line: 10
Info (12128): Elaborating entity "dht11_ctrl" for hierarchy "conexao_sensor:inst|dht11_ctrl:comb_3" File: C:/Users/LESS/Documents/GitHub/interface-entrada-saida/fpgaImplementation/modules/conexao_sensor.v Line: 50
Warning (10230): Verilog HDL assignment warning at dht11_ctrl.v(271): truncated value with size 32 to match size of target (20) File: C:/Users/LESS/Documents/GitHub/interface-entrada-saida/fpgaImplementation/modules/dht11_ctrl.v Line: 271
Warning (10230): Verilog HDL assignment warning at dht11_ctrl.v(274): truncated value with size 32 to match size of target (20) File: C:/Users/LESS/Documents/GitHub/interface-entrada-saida/fpgaImplementation/modules/dht11_ctrl.v Line: 274
Info (12128): Elaborating entity "decoder" for hierarchy "decoder:EXIBE_DISPLAY" File: C:/Users/LESS/Documents/GitHub/interface-entrada-saida/fpgaImplementation/modules/FPGAImplementation.v Line: 52
Warning (10240): Verilog HDL Always Construct warning at decoder.v(10): inferring latch(es) for variable "display", which holds its previous value in one or more paths through the always construct File: C:/Users/LESS/Documents/GitHub/interface-entrada-saida/fpgaImplementation/modules/decoder.v Line: 10
Info (10041): Inferred latch for "display[0]" at decoder.v(10) File: C:/Users/LESS/Documents/GitHub/interface-entrada-saida/fpgaImplementation/modules/decoder.v Line: 10
Info (10041): Inferred latch for "display[1]" at decoder.v(10) File: C:/Users/LESS/Documents/GitHub/interface-entrada-saida/fpgaImplementation/modules/decoder.v Line: 10
Info (10041): Inferred latch for "display[2]" at decoder.v(10) File: C:/Users/LESS/Documents/GitHub/interface-entrada-saida/fpgaImplementation/modules/decoder.v Line: 10
Info (10041): Inferred latch for "display[3]" at decoder.v(10) File: C:/Users/LESS/Documents/GitHub/interface-entrada-saida/fpgaImplementation/modules/decoder.v Line: 10
Info (10041): Inferred latch for "display[4]" at decoder.v(10) File: C:/Users/LESS/Documents/GitHub/interface-entrada-saida/fpgaImplementation/modules/decoder.v Line: 10
Info (10041): Inferred latch for "display[5]" at decoder.v(10) File: C:/Users/LESS/Documents/GitHub/interface-entrada-saida/fpgaImplementation/modules/decoder.v Line: 10
Info (10041): Inferred latch for "display[6]" at decoder.v(10) File: C:/Users/LESS/Documents/GitHub/interface-entrada-saida/fpgaImplementation/modules/decoder.v Line: 10
Info (12128): Elaborating entity "uart_tx" for hierarchy "uart_tx:ENVIA_DADOS" File: C:/Users/LESS/Documents/GitHub/interface-entrada-saida/fpgaImplementation/modules/FPGAImplementation.v Line: 54
Warning (10230): Verilog HDL assignment warning at uart_tx.v(95): truncated value with size 32 to match size of target (13) File: C:/Users/LESS/Documents/GitHub/interface-entrada-saida/fpgaImplementation/modules/uart_tx.v Line: 95
Warning (10230): Verilog HDL assignment warning at uart_tx.v(116): truncated value with size 32 to match size of target (13) File: C:/Users/LESS/Documents/GitHub/interface-entrada-saida/fpgaImplementation/modules/uart_tx.v Line: 116
Warning (10230): Verilog HDL assignment warning at uart_tx.v(125): truncated value with size 32 to match size of target (3) File: C:/Users/LESS/Documents/GitHub/interface-entrada-saida/fpgaImplementation/modules/uart_tx.v Line: 125
Warning (10230): Verilog HDL assignment warning at uart_tx.v(146): truncated value with size 32 to match size of target (13) File: C:/Users/LESS/Documents/GitHub/interface-entrada-saida/fpgaImplementation/modules/uart_tx.v Line: 146
Warning (14025): LATCH primitive "decoder:EXIBE_DISPLAY|display[1]" is permanently disabled File: C:/Users/LESS/Documents/GitHub/interface-entrada-saida/fpgaImplementation/modules/decoder.v Line: 10
Warning (14025): LATCH primitive "decoder:EXIBE_DISPLAY|display[0]" is permanently disabled File: C:/Users/LESS/Documents/GitHub/interface-entrada-saida/fpgaImplementation/modules/decoder.v Line: 10
Warning (14025): LATCH primitive "decoder:EXIBE_DISPLAY|display[4]" is permanently disabled File: C:/Users/LESS/Documents/GitHub/interface-entrada-saida/fpgaImplementation/modules/decoder.v Line: 10
Warning (14025): LATCH primitive "decoder:EXIBE_DISPLAY|display[5]" is permanently disabled File: C:/Users/LESS/Documents/GitHub/interface-entrada-saida/fpgaImplementation/modules/decoder.v Line: 10
Warning (14025): LATCH primitive "decoder:EXIBE_DISPLAY|display[6]" is permanently disabled File: C:/Users/LESS/Documents/GitHub/interface-entrada-saida/fpgaImplementation/modules/decoder.v Line: 10
Warning (14025): LATCH primitive "decoder:EXIBE_DISPLAY|display[2]" is permanently disabled File: C:/Users/LESS/Documents/GitHub/interface-entrada-saida/fpgaImplementation/modules/decoder.v Line: 10
Warning (13024): Output pins are stuck at VCC or GND
    Warning (13410): Pin "indicaTransmissao" is stuck at GND File: C:/Users/LESS/Documents/GitHub/interface-entrada-saida/fpgaImplementation/modules/FPGAImplementation.v Line: 21
    Warning (13410): Pin "bitSerialAtualTX" is stuck at VCC File: C:/Users/LESS/Documents/GitHub/interface-entrada-saida/fpgaImplementation/modules/FPGAImplementation.v Line: 22
    Warning (13410): Pin "bitsEstaoEnviados" is stuck at GND File: C:/Users/LESS/Documents/GitHub/interface-entrada-saida/fpgaImplementation/modules/FPGAImplementation.v Line: 23
    Warning (13410): Pin "display[0]" is stuck at GND File: C:/Users/LESS/Documents/GitHub/interface-entrada-saida/fpgaImplementation/modules/FPGAImplementation.v Line: 24
    Warning (13410): Pin "display[1]" is stuck at GND File: C:/Users/LESS/Documents/GitHub/interface-entrada-saida/fpgaImplementation/modules/FPGAImplementation.v Line: 24
    Warning (13410): Pin "display[2]" is stuck at GND File: C:/Users/LESS/Documents/GitHub/interface-entrada-saida/fpgaImplementation/modules/FPGAImplementation.v Line: 24
    Warning (13410): Pin "display[3]" is stuck at GND File: C:/Users/LESS/Documents/GitHub/interface-entrada-saida/fpgaImplementation/modules/FPGAImplementation.v Line: 24
    Warning (13410): Pin "display[4]" is stuck at GND File: C:/Users/LESS/Documents/GitHub/interface-entrada-saida/fpgaImplementation/modules/FPGAImplementation.v Line: 24
    Warning (13410): Pin "display[5]" is stuck at GND File: C:/Users/LESS/Documents/GitHub/interface-entrada-saida/fpgaImplementation/modules/FPGAImplementation.v Line: 24
    Warning (13410): Pin "display[6]" is stuck at GND File: C:/Users/LESS/Documents/GitHub/interface-entrada-saida/fpgaImplementation/modules/FPGAImplementation.v Line: 24
    Warning (13410): Pin "error" is stuck at GND File: C:/Users/LESS/Documents/GitHub/interface-entrada-saida/fpgaImplementation/modules/FPGAImplementation.v Line: 26
    Warning (13410): Pin "dados_dht11[0]" is stuck at GND File: C:/Users/LESS/Documents/GitHub/interface-entrada-saida/fpgaImplementation/modules/FPGAImplementation.v Line: 28
    Warning (13410): Pin "dados_dht11[1]" is stuck at GND File: C:/Users/LESS/Documents/GitHub/interface-entrada-saida/fpgaImplementation/modules/FPGAImplementation.v Line: 28
    Warning (13410): Pin "dados_dht11[2]" is stuck at GND File: C:/Users/LESS/Documents/GitHub/interface-entrada-saida/fpgaImplementation/modules/FPGAImplementation.v Line: 28
    Warning (13410): Pin "dados_dht11[3]" is stuck at GND File: C:/Users/LESS/Documents/GitHub/interface-entrada-saida/fpgaImplementation/modules/FPGAImplementation.v Line: 28
    Warning (13410): Pin "dados_dht11[4]" is stuck at GND File: C:/Users/LESS/Documents/GitHub/interface-entrada-saida/fpgaImplementation/modules/FPGAImplementation.v Line: 28
    Warning (13410): Pin "dados_dht11[5]" is stuck at GND File: C:/Users/LESS/Documents/GitHub/interface-entrada-saida/fpgaImplementation/modules/FPGAImplementation.v Line: 28
    Warning (13410): Pin "dados_dht11[6]" is stuck at GND File: C:/Users/LESS/Documents/GitHub/interface-entrada-saida/fpgaImplementation/modules/FPGAImplementation.v Line: 28
    Warning (13410): Pin "dados_dht11[7]" is stuck at GND File: C:/Users/LESS/Documents/GitHub/interface-entrada-saida/fpgaImplementation/modules/FPGAImplementation.v Line: 28
    Warning (13410): Pin "dados_dht11[8]" is stuck at GND File: C:/Users/LESS/Documents/GitHub/interface-entrada-saida/fpgaImplementation/modules/FPGAImplementation.v Line: 28
    Warning (13410): Pin "dados_dht11[9]" is stuck at GND File: C:/Users/LESS/Documents/GitHub/interface-entrada-saida/fpgaImplementation/modules/FPGAImplementation.v Line: 28
    Warning (13410): Pin "dados_dht11[10]" is stuck at GND File: C:/Users/LESS/Documents/GitHub/interface-entrada-saida/fpgaImplementation/modules/FPGAImplementation.v Line: 28
    Warning (13410): Pin "dados_dht11[11]" is stuck at GND File: C:/Users/LESS/Documents/GitHub/interface-entrada-saida/fpgaImplementation/modules/FPGAImplementation.v Line: 28
    Warning (13410): Pin "dados_dht11[12]" is stuck at GND File: C:/Users/LESS/Documents/GitHub/interface-entrada-saida/fpgaImplementation/modules/FPGAImplementation.v Line: 28
    Warning (13410): Pin "dados_dht11[13]" is stuck at GND File: C:/Users/LESS/Documents/GitHub/interface-entrada-saida/fpgaImplementation/modules/FPGAImplementation.v Line: 28
    Warning (13410): Pin "dados_dht11[14]" is stuck at GND File: C:/Users/LESS/Documents/GitHub/interface-entrada-saida/fpgaImplementation/modules/FPGAImplementation.v Line: 28
    Warning (13410): Pin "dados_dht11[15]" is stuck at GND File: C:/Users/LESS/Documents/GitHub/interface-entrada-saida/fpgaImplementation/modules/FPGAImplementation.v Line: 28
    Warning (13410): Pin "dados_dht11[16]" is stuck at GND File: C:/Users/LESS/Documents/GitHub/interface-entrada-saida/fpgaImplementation/modules/FPGAImplementation.v Line: 28
    Warning (13410): Pin "dados_dht11[17]" is stuck at GND File: C:/Users/LESS/Documents/GitHub/interface-entrada-saida/fpgaImplementation/modules/FPGAImplementation.v Line: 28
    Warning (13410): Pin "dados_dht11[18]" is stuck at GND File: C:/Users/LESS/Documents/GitHub/interface-entrada-saida/fpgaImplementation/modules/FPGAImplementation.v Line: 28
    Warning (13410): Pin "dados_dht11[19]" is stuck at GND File: C:/Users/LESS/Documents/GitHub/interface-entrada-saida/fpgaImplementation/modules/FPGAImplementation.v Line: 28
    Warning (13410): Pin "dados_dht11[20]" is stuck at GND File: C:/Users/LESS/Documents/GitHub/interface-entrada-saida/fpgaImplementation/modules/FPGAImplementation.v Line: 28
    Warning (13410): Pin "dados_dht11[21]" is stuck at GND File: C:/Users/LESS/Documents/GitHub/interface-entrada-saida/fpgaImplementation/modules/FPGAImplementation.v Line: 28
    Warning (13410): Pin "dados_dht11[22]" is stuck at GND File: C:/Users/LESS/Documents/GitHub/interface-entrada-saida/fpgaImplementation/modules/FPGAImplementation.v Line: 28
    Warning (13410): Pin "dados_dht11[23]" is stuck at GND File: C:/Users/LESS/Documents/GitHub/interface-entrada-saida/fpgaImplementation/modules/FPGAImplementation.v Line: 28
    Warning (13410): Pin "dados_dht11[24]" is stuck at GND File: C:/Users/LESS/Documents/GitHub/interface-entrada-saida/fpgaImplementation/modules/FPGAImplementation.v Line: 28
    Warning (13410): Pin "dados_dht11[25]" is stuck at GND File: C:/Users/LESS/Documents/GitHub/interface-entrada-saida/fpgaImplementation/modules/FPGAImplementation.v Line: 28
    Warning (13410): Pin "dados_dht11[26]" is stuck at GND File: C:/Users/LESS/Documents/GitHub/interface-entrada-saida/fpgaImplementation/modules/FPGAImplementation.v Line: 28
    Warning (13410): Pin "dados_dht11[27]" is stuck at GND File: C:/Users/LESS/Documents/GitHub/interface-entrada-saida/fpgaImplementation/modules/FPGAImplementation.v Line: 28
    Warning (13410): Pin "dados_dht11[28]" is stuck at GND File: C:/Users/LESS/Documents/GitHub/interface-entrada-saida/fpgaImplementation/modules/FPGAImplementation.v Line: 28
    Warning (13410): Pin "dados_dht11[29]" is stuck at GND File: C:/Users/LESS/Documents/GitHub/interface-entrada-saida/fpgaImplementation/modules/FPGAImplementation.v Line: 28
    Warning (13410): Pin "dados_dht11[30]" is stuck at GND File: C:/Users/LESS/Documents/GitHub/interface-entrada-saida/fpgaImplementation/modules/FPGAImplementation.v Line: 28
    Warning (13410): Pin "dados_dht11[31]" is stuck at GND File: C:/Users/LESS/Documents/GitHub/interface-entrada-saida/fpgaImplementation/modules/FPGAImplementation.v Line: 28
Info (286030): Timing-Driven Synthesis is running
Info (17049): 24 registers lost all their fanouts during netlist optimizations.
Info (144001): Generated suppressed messages file C:/Users/LESS/Documents/GitHub/interface-entrada-saida/fpgaImplementation/FPGAImplementation.map.smsg
Info (16010): Generating hard_block partition "hard_block:auto_generated_inst"
    Info (16011): Adding 0 node(s), including 0 DDIO, 0 PLL, 0 transceiver and 0 LCELL
Info (21057): Implemented 205 device resources after synthesis - the final resource count might be different
    Info (21058): Implemented 3 input pins
    Info (21059): Implemented 44 output pins
    Info (21060): Implemented 1 bidirectional pins
    Info (21061): Implemented 157 logic cells
Info: Quartus Prime Analysis & Synthesis was successful. 0 errors, 66 warnings
    Info: Peak virtual memory: 4778 megabytes
    Info: Processing ended: Wed Sep  6 17:34:53 2023
    Info: Elapsed time: 00:00:09
    Info: Total CPU time (on all processors): 00:00:15


+------------------------------------------+
; Analysis & Synthesis Suppressed Messages ;
+------------------------------------------+
The suppressed messages can be found in C:/Users/LESS/Documents/GitHub/interface-entrada-saida/fpgaImplementation/FPGAImplementation.map.smsg.


