------------------------------------------------------------
Timing Analyzer Summary
------------------------------------------------------------

Type  : Slow 1200mV 85C Model Setup 'conexao_sensor:inst|dht11_ctrl:comb_3|clk_1us'
Slack : -4.160
TNS   : -133.727

Type  : Slow 1200mV 85C Model Setup 'clock'
Slack : -2.719
TNS   : -58.976

Type  : Slow 1200mV 85C Model Hold 'clock'
Slack : 0.393
TNS   : 0.000

Type  : Slow 1200mV 85C Model Hold 'conexao_sensor:inst|dht11_ctrl:comb_3|clk_1us'
Slack : 0.394
TNS   : 0.000

Type  : Slow 1200mV 85C Model Minimum Pulse Width 'clock'
Slack : -3.000
TNS   : -41.550

Type  : Slow 1200mV 85C Model Minimum Pulse Width 'conexao_sensor:inst|dht11_ctrl:comb_3|clk_1us'
Slack : -1.285
TNS   : -55.255

Type  : Slow 1200mV 0C Model Setup 'conexao_sensor:inst|dht11_ctrl:comb_3|clk_1us'
Slack : -3.751
TNS   : -119.402

Type  : Slow 1200mV 0C Model Setup 'clock'
Slack : -2.428
TNS   : -50.810

Type  : Slow 1200mV 0C Model Hold 'clock'
Slack : 0.344
TNS   : 0.000

Type  : Slow 1200mV 0C Model Hold 'conexao_sensor:inst|dht11_ctrl:comb_3|clk_1us'
Slack : 0.345
TNS   : 0.000

Type  : Slow 1200mV 0C Model Minimum Pulse Width 'clock'
Slack : -3.000
TNS   : -41.550

Type  : Slow 1200mV 0C Model Minimum Pulse Width 'conexao_sensor:inst|dht11_ctrl:comb_3|clk_1us'
Slack : -1.285
TNS   : -55.255

Type  : Fast 1200mV 0C Model Setup 'conexao_sensor:inst|dht11_ctrl:comb_3|clk_1us'
Slack : -1.516
TNS   : -44.356

Type  : Fast 1200mV 0C Model Setup 'clock'
Slack : -0.923
TNS   : -14.676

Type  : Fast 1200mV 0C Model Hold 'clock'
Slack : 0.177
TNS   : 0.000

Type  : Fast 1200mV 0C Model Hold 'conexao_sensor:inst|dht11_ctrl:comb_3|clk_1us'
Slack : 0.178
TNS   : 0.000

Type  : Fast 1200mV 0C Model Minimum Pulse Width 'clock'
Slack : -3.000
TNS   : -34.901

Type  : Fast 1200mV 0C Model Minimum Pulse Width 'conexao_sensor:inst|dht11_ctrl:comb_3|clk_1us'
Slack : -1.000
TNS   : -43.000

------------------------------------------------------------
