------------------------------------------------------------
Timing Analyzer Summary
------------------------------------------------------------

Type  : Slow 1200mV 85C Model Setup 'clock'
Slack : -5.853
TNS   : -825.605

Type  : Slow 1200mV 85C Model Setup 'conexao_sensor:inst|dadosPodemSerEnviados_reg'
Slack : -2.083
TNS   : -5.677

Type  : Slow 1200mV 85C Model Hold 'clock'
Slack : 0.394
TNS   : 0.000

Type  : Slow 1200mV 85C Model Hold 'conexao_sensor:inst|dadosPodemSerEnviados_reg'
Slack : 0.674
TNS   : 0.000

Type  : Slow 1200mV 85C Model Minimum Pulse Width 'clock'
Slack : -3.000
TNS   : -271.565

Type  : Slow 1200mV 85C Model Minimum Pulse Width 'conexao_sensor:inst|dadosPodemSerEnviados_reg'
Slack : 0.465
TNS   : 0.000

Type  : Slow 1200mV 0C Model Setup 'clock'
Slack : -5.267
TNS   : -733.441

Type  : Slow 1200mV 0C Model Setup 'conexao_sensor:inst|dadosPodemSerEnviados_reg'
Slack : -1.979
TNS   : -5.298

Type  : Slow 1200mV 0C Model Hold 'clock'
Slack : 0.345
TNS   : 0.000

Type  : Slow 1200mV 0C Model Hold 'conexao_sensor:inst|dadosPodemSerEnviados_reg'
Slack : 0.768
TNS   : 0.000

Type  : Slow 1200mV 0C Model Minimum Pulse Width 'clock'
Slack : -3.000
TNS   : -271.565

Type  : Slow 1200mV 0C Model Minimum Pulse Width 'conexao_sensor:inst|dadosPodemSerEnviados_reg'
Slack : 0.407
TNS   : 0.000

Type  : Fast 1200mV 0C Model Setup 'clock'
Slack : -2.317
TNS   : -299.847

Type  : Fast 1200mV 0C Model Setup 'conexao_sensor:inst|dadosPodemSerEnviados_reg'
Slack : -0.656
TNS   : -1.738

Type  : Fast 1200mV 0C Model Hold 'clock'
Slack : 0.177
TNS   : 0.000

Type  : Fast 1200mV 0C Model Hold 'conexao_sensor:inst|dadosPodemSerEnviados_reg'
Slack : 0.449
TNS   : 0.000

Type  : Fast 1200mV 0C Model Minimum Pulse Width 'clock'
Slack : -3.000
TNS   : -224.064

Type  : Fast 1200mV 0C Model Minimum Pulse Width 'conexao_sensor:inst|dadosPodemSerEnviados_reg'
Slack : 0.361
TNS   : 0.000

------------------------------------------------------------
